com.foundationdb.sql.parser.CreateTableNode@466155e3
name: t1
statementType: CREATE TABLE
withData: true
lockGranularity: R
existenceCheck: NO_CONDITION
queryExpression: 	
	com.foundationdb.sql.parser.SelectNode@204dce2e
	isDistinct: false
	resultColumns: 		
		com.foundationdb.sql.parser.ResultColumnList@541b3e93

		[0]:		
		com.foundationdb.sql.parser.AllResultColumn@48a95008
		tableName: null
		exposedName: null
		name: null
		tableName: null
		isDefaultColumn: false
		type: null
	fromList: 		
		com.foundationdb.sql.parser.FromList@63c5627c

		[0]:		
		com.foundationdb.sql.parser.FromBaseTable@33c4ee10
		tableName: t2
		updateOrDelete: null
		null
		correlation Name: null
		null
resultColumns: 	
	com.foundationdb.sql.parser.ResultColumnList@45e976fd

	[0]:	
	com.foundationdb.sql.parser.ResultColumn@6282ffe6
	exposedName: column1
	name: column1
	tableName: null
	isDefaultColumn: false
	type: null
	[1]:	
	com.foundationdb.sql.parser.ResultColumn@66e8791
	exposedName: column2
	name: column2
	tableName: null
	isDefaultColumn: false
	type: null
	[2]:	
	com.foundationdb.sql.parser.ResultColumn@428643e3
	exposedName: column3
	name: column3
	tableName: null
	isDefaultColumn: false
	type: null