com.foundationdb.sql.parser.CreateTableNode@24748f22
name: t1
statementType: CREATE TABLE
withData: false
lockGranularity: R
existenceCheck: NO_CONDITION
queryExpression: 	
	com.foundationdb.sql.parser.SelectNode@606113e0
	isDistinct: false
	resultColumns: 		
		com.foundationdb.sql.parser.ResultColumnList@560088f

		[0]:		
		com.foundationdb.sql.parser.AllResultColumn@63d1e70a
		tableName: null
		exposedName: null
		name: null
		tableName: null
		isDefaultColumn: false
		type: null
	fromList: 		
		com.foundationdb.sql.parser.FromList@699774b8

		[0]:		
		com.foundationdb.sql.parser.FromBaseTable@56701230
		tableName: t2
		updateOrDelete: null
		null
		correlation Name: null
		null