com.foundationdb.sql.parser.CreateTableNode@74e08014
name: t2
statementType: CREATE TABLE
withData: false
lockGranularity: R
existenceCheck: NO_CONDITION
queryExpression: 	
	com.foundationdb.sql.parser.SelectNode@3ef8dcfe
	isDistinct: false
	resultColumns: 		
		com.foundationdb.sql.parser.ResultColumnList@4474c7fe

		[0]:		
		com.foundationdb.sql.parser.AllResultColumn@4ef617ce
		tableName: null
		exposedName: null
		name: null
		tableName: null
		isDefaultColumn: false
		type: null
	fromList: 		
		com.foundationdb.sql.parser.FromList@7e94fde1

		[0]:		
		com.foundationdb.sql.parser.FromBaseTable@67a7ffb3
		tableName: t1
		updateOrDelete: null
		null
		correlation Name: null
		null