com.foundationdb.sql.parser.CreateTableNode@517ceb9b
name: t1
statementType: CREATE TABLE
withData: true
lockGranularity: R
existenceCheck: NO_CONDITION
queryExpression: 	
	com.foundationdb.sql.parser.CursorNode@605036e8
	name: null
	updateMode: UNSPECIFIED
	statementType: SELECT
	resultSet: 		
		com.foundationdb.sql.parser.SelectNode@3244eabe
		isDistinct: false
		resultColumns: 			
			com.foundationdb.sql.parser.ResultColumnList@4a8f79ba

			[0]:			
			com.foundationdb.sql.parser.ResultColumn@1180c894
			exposedName: column1
			name: column1
			tableName: null
			isDefaultColumn: false
			type: null
			expression: 				
				com.foundationdb.sql.parser.ColumnReference@1df07586
				columnName: column1
				tableName: null
				type: null
			[1]:			
			com.foundationdb.sql.parser.ResultColumn@15b3bfc5
			exposedName: column2
			name: column2
			tableName: null
			isDefaultColumn: false
			type: null
			expression: 				
				com.foundationdb.sql.parser.ColumnReference@4bf329a4
				columnName: column2
				tableName: null
				type: null
			[2]:			
			com.foundationdb.sql.parser.ResultColumn@4932f4f0
			exposedName: column3
			name: column3
			tableName: null
			isDefaultColumn: false
			type: null
			expression: 				
				com.foundationdb.sql.parser.ColumnReference@306ede1b
				columnName: column3
				tableName: null
				type: null
		fromList: 			
			com.foundationdb.sql.parser.FromList@3eb7d774

			[0]:			
			com.foundationdb.sql.parser.FromBaseTable@17a220d7
			tableName: t2
			updateOrDelete: null
			null
			correlation Name: null
			null
resultColumns: 	
	com.foundationdb.sql.parser.ResultColumnList@151a0f60

	[0]:	
	com.foundationdb.sql.parser.ResultColumn@61e77272
	exposedName: column1
	name: column1
	tableName: null
	isDefaultColumn: false
	type: null
	[1]:	
	com.foundationdb.sql.parser.ResultColumn@220acc95
	exposedName: column2
	name: column2
	tableName: null
	isDefaultColumn: false
	type: null
	[2]:	
	com.foundationdb.sql.parser.ResultColumn@72fd5ba8
	exposedName: column3
	name: column3
	tableName: null
	isDefaultColumn: false
	type: null