com.foundationdb.sql.parser.AlterTableNode@c3b626c
name: t
statementType: TRUNCATE TABLE
objectName: t
compressTable: false
sequential: false
truncateTable: true
purge: false
defragment: false
truncateEndOfTable: false
updateStatistics: false
updateStatisticsAll: false
indexNameForUpdateStatistics: null
existenceCheck: IF_EXISTS
