com.foundationdb.sql.parser.AlterTableNode@1804e4
name: c
statementType: TRUNCATE TABLE
objectName: c
compressTable: false
sequential: false
truncateTable: true
purge: false
defragment: false
truncateEndOfTable: false
updateStatistics: false
updateStatisticsAll: false
indexNameForUpdateStatistics: null
existenceCheck: NO_CONDITION

